../Core/Src/main.c:59:6:ledBlue	8	static
../Core/Src/main.c:62:6:ledGreen	8	static
../Core/Src/main.c:65:6:ledOrange	8	static
../Core/Src/main.c:68:6:ledPink	8	static
../Core/Src/main.c:71:6:ledPurple	8	static
../Core/Src/main.c:74:6:ledYellow	8	static
../Core/Src/main.c:77:6:ledRed	8	static
../Core/Src/main.c:88:5:main	8	static
../Core/Src/main.c:140:6:SystemClock_Config	72	static
../Core/Src/main.c:177:13:MX_TIM2_Init	40	static
../Core/Src/main.c:222:13:MX_GPIO_Init	32	static
../Core/Src/main.c:251:6:HAL_TIM_PeriodElapsedCallback	16	static
../Core/Src/main.c:261:6:Error_Handler	4	static,ignoring_inline_asm
